// Jest Snapshot v1, https://jestjs.io/docs/snapshot-testing

exports[`components/cards/ingredient-card should match snapshot 1`] = `
<DocumentFragment>
  <div
    class="p-4 border-border bg-card w-full rounded-none sm:rounded-lg w-full"
    data-testid="Card"
  >
    <h2
      class="text-2xl font-semibold text-text-primary flex gap-2 items-center"
    >
      Name
    </h2>
    <p
      class="text-text-secondary mb-4"
    />
    <p
      class="text-text-secondary mb-2"
    >
      <span
        class="font-semibold"
      >
        Rarity:
      </span>
       Common
    </p>
    <p
      class="text-text-secondary mb-2"
    >
      <span
        class="font-semibold"
      >
        Boon:
      </span>
       Boon
    </p>
    <p
      class="text-text-secondary mb-2"
    >
      <span
        class="font-semibold"
      >
        Bane:
      </span>
       Bane
    </p>
    <p
      class="text-text-secondary mb-2"
    >
      <span
        class="font-semibold"
      >
        Biomes:
      </span>
       Biome 1, Biome 2
    </p>
  </div>
</DocumentFragment>
`;
