// Jest Snapshot v1, https://jestjs.io/docs/snapshot-testing

exports[`components/app-bar should should match snapshot 1`] = `
<DocumentFragment>
  <nav
    class="flex items-center justify-between max-w-screen bg-appbar p-2 py-3 md:p-6 h-16"
  >
    <img
      alt="Menu"
      class="cursor-pointer"
      data-nimg="1"
      data-testid="sidebar__button"
      decoding="async"
      height="40"
      loading="lazy"
      src="/_next/image?url=%2Flogo.png&w=96&q=75"
      srcset="/_next/image?url=%2Flogo.png&w=48&q=75 1x, /_next/image?url=%2Flogo.png&w=96&q=75 2x"
      style="color: transparent;"
      width="40"
    />
    <div
      class="scrollbar-thin scrollbar-thumb-rounded scrollbar-thumb-gray-400 scrollbar-track-transparent fixed top-16 z-50 h-full max-h-[calc(100vh_-_64px)] overflow-y-auto bg-appbar shadow-lg transform transition-transform left-0 -translate-x-full w-full sm:w-sm shadow-r-xl z-[50]"
      data-testid="sidebar"
    />
    <div>
      Auth Component
    </div>
  </nav>
</DocumentFragment>
`;
