// Jest Snapshot v1, https://goo.gl/fbAQLP

exports[`components/common/loaders/page-loader should match snapshot 1`] = `
<DocumentFragment>
  <div
    class="fixed flex items-center justify-center h-screen w-screen inset-0"
  >
    <div
      class="loader border border-secondary w-[25vw]"
    />
    <p
      class="absolute text-center text-sm lg:text-lg font-semibold text-text-secondary overflow-visible"
    >
      Loading...
    </p>
  </div>
</DocumentFragment>
`;
