// Jest Snapshot v1, https://jestjs.io/docs/snapshot-testing

exports[`app/page should render page 1`] = `
<DocumentFragment>
  <main
    class="pt-8 pb-20 sm:p-20 flex flex-col items-center gap-4"
  >
    <h1
      class="text-3xl font-bold"
    >
      Welcome to the Home Page
    </h1>
    <p
      class="text-lg"
    >
      This is a sample application demonstrating code splitting and lazy loading.
    </p>
  </main>
</DocumentFragment>
`;
